=========================================
启动Decode节点 (NPU 6-7, TP=2)
=========================================
ASCEND_RT_VISIBLE_DEVICES: 6,7
INFO 06-25 09:17:22 [__init__.py:44] Available plugins for group vllm.platform_plugins:
INFO 06-25 09:17:22 [__init__.py:46] - ascend -> vllm_ascend:register
INFO 06-25 09:17:22 [__init__.py:49] All plugins in this group will be loaded. Set `VLLM_PLUGINS` to control which plugins to load.
INFO 06-25 09:17:22 [__init__.py:238] Platform plugin ascend is activated
INFO 06-25 09:17:32 [nixl_utils.py:20] Setting UCX_RCACHE_MAX_UNRELEASED to '1024' to avoid a rare memory leak in UCX when using NIXL.
WARNING 06-25 09:17:32 [nixl_utils.py:34] NIXL is not available
WARNING 06-25 09:17:32 [nixl_utils.py:44] NIXL agent config is not available
WARNING 06-25 09:17:32 [registry.py:945] Model architecture DeepseekV4ForCausalLM is already registered, and will be overwritten by the new model class vllm_ascend.models.deepseek_v4:AscendDeepseekV4ForCausalLM.
WARNING 06-25 09:17:32 [registry.py:945] Model architecture DeepSeekV4MTPModel is already registered, and will be overwritten by the new model class vllm_ascend.models.deepseek_v4_mtp:DeepSeekV4MTP.
INFO 06-25 09:17:32 [__init__.py:110] Registered model loader `<class 'vllm_ascend.model_loader.netloader.netloader.ModelNetLoaderElastic'>` with load format `netloader`
INFO 06-25 09:17:32 [__init__.py:110] Registered model loader `<class 'vllm_ascend.model_loader.rfork.rfork_loader.RForkModelLoader'>` with load format `rfork`
(APIServer pid=180) INFO 06-25 09:17:34 [utils.py:299] 
(APIServer pid=180) INFO 06-25 09:17:34 [utils.py:299]        █     █     █▄   ▄█
(APIServer pid=180) INFO 06-25 09:17:34 [utils.py:299]  ▄▄ ▄█ █     █     █ ▀▄▀ █  version 0.20.2
(APIServer pid=180) INFO 06-25 09:17:34 [utils.py:299]   █▄█▀ █     █     █     █  model   /home/la/work/vllm-project/models/Qwen/Qwen2-VL-7B-Instruct
(APIServer pid=180) INFO 06-25 09:17:34 [utils.py:299]    ▀▀  ▀▀▀▀▀ ▀▀▀▀▀ ▀     ▀
(APIServer pid=180) INFO 06-25 09:17:34 [utils.py:299] 
(APIServer pid=180) INFO 06-25 09:17:34 [utils.py:233] non-default args: {'model_tag': '/home/la/work/vllm-project/models/Qwen/Qwen2-VL-7B-Instruct', 'host': '127.0.0.1', 'port': 8200, 'model': '/home/la/work/vllm-project/models/Qwen/Qwen2-VL-7B-Instruct', 'trust_remote_code': True, 'seed': 1024, 'max_model_len': 4096, 'tensor_parallel_size': 2, 'gpu_memory_utilization': 0.85, 'max_num_batched_tokens': 4096, 'kv_transfer_config': KVTransferConfig(kv_connector='MooncakeConnectorV1', engine_id='1', kv_buffer_device='npu', kv_buffer_size=1000000000.0, kv_role='kv_consumer', kv_rank=1, kv_parallel_size=1, kv_ip='127.0.0.1', kv_port=20002, kv_connector_extra_config={'prefill': {'dp_size': 1, 'tp_size': 2}, 'decode': {'dp_size': 1, 'tp_size': 2}}, kv_connector_module_path=None, enable_permute_local_kv=False, kv_load_failure_policy='fail')}
(APIServer pid=180) INFO 06-25 09:17:53 [model.py:555] Resolved architecture: Qwen2VLForConditionalGeneration
(APIServer pid=180) INFO 06-25 09:17:53 [model.py:1680] Using max model len 4096
(APIServer pid=180) INFO 06-25 09:17:53 [scheduler.py:239] Chunked prefill is enabled with max_num_batched_tokens=4096.
(APIServer pid=180) INFO 06-25 09:17:53 [vllm.py:840] Asynchronous scheduling is enabled.
(APIServer pid=180) INFO 06-25 09:17:53 [kernel.py:205] Final IR op priority after setting platform defaults: IrOpPriorityConfig(rms_norm=['native'])
(APIServer pid=180) INFO 06-25 09:17:53 [utils.py:169] No quantization signature detected from model files for "/home/la/work/vllm-project/models/Qwen/Qwen2-VL-7B-Instruct". The model will be loaded as float. To force a quantization method, pass "--quantization <method>" explicitly.
(APIServer pid=180) WARNING 06-25 09:17:53 [platform.py:848] Parameter '--disable-cascade-attn' is a GPU-specific feature. Resetting to False for Ascend.
(APIServer pid=180) WARNING 06-25 09:17:53 [platform.py:937] Ignored parameter 'disable_flashinfer_prefill'. This is a GPU-specific feature not supported on Ascend. Resetting to False.
(APIServer pid=180) INFO 06-25 09:17:53 [ascend_config.py:688] Dynamic EPLB is False
(APIServer pid=180) INFO 06-25 09:17:53 [ascend_config.py:689] The number of redundant experts is 0
(APIServer pid=180) INFO 06-25 09:17:53 [platform.py:408] PIECEWISE compilation enabled on NPU. use_inductor not supported - using only ACL Graph mode
(APIServer pid=180) INFO 06-25 09:17:53 [utils.py:660] Calculated maximum supported batch sizes for ACL graph: 20
(APIServer pid=180) WARNING 06-25 09:17:53 [utils.py:661] Currently, communication is performed using FFTS+ method, which reduces the number of available streams and, as a result, limits the range of runtime shapes that can be handled. To both improve communication performance and increase the number of supported shapes, set HCCL_OP_EXPANSION_MODE=AIV.
(APIServer pid=180) INFO 06-25 09:17:53 [utils.py:681] Adjusted ACL graph batch sizes for Qwen2VLForConditionalGeneration model (layers: 28): 35 → 20 sizes
(APIServer pid=180) INFO 06-25 09:17:53 [utils.py:1333] Block size is set to 128 if prefix cache or chunked prefill is enabled.
(APIServer pid=180) INFO 06-25 09:17:53 [platform.py:581] Set PYTORCH_NPU_ALLOC_CONF=expandable_segments:True
(APIServer pid=180) WARNING 06-25 09:17:53 [vllm.py:1293] Turning off hybrid kv cache manager because `--kv-transfer-config` is set. This will reduce the performance of vLLM on LLMs with sliding window attention or Mamba attention. If you are a developer of kv connector, please consider supporting hybrid kv cache manager for your connector by making sure your connector is a subclass of `SupportsHMA` defined in kv_connector/v1/base.py and use --no-disable-hybrid-kv-cache-manager to start vLLM.
(APIServer pid=180) INFO 06-25 09:17:53 [compilation.py:303] Enabled custom fusions: norm_quant, act_quant
INFO 06-25 09:18:11 [__init__.py:44] Available plugins for group vllm.platform_plugins:
INFO 06-25 09:18:11 [__init__.py:46] - ascend -> vllm_ascend:register
INFO 06-25 09:18:11 [__init__.py:49] All plugins in this group will be loaded. Set `VLLM_PLUGINS` to control which plugins to load.
INFO 06-25 09:18:11 [__init__.py:238] Platform plugin ascend is activated
WARNING 06-25 09:18:19 [nixl_utils.py:34] NIXL is not available
WARNING 06-25 09:18:19 [nixl_utils.py:44] NIXL agent config is not available
(EngineCore pid=211) WARNING 06-25 09:18:19 [registry.py:945] Model architecture DeepseekV4ForCausalLM is already registered, and will be overwritten by the new model class vllm_ascend.models.deepseek_v4:AscendDeepseekV4ForCausalLM.
(EngineCore pid=211) WARNING 06-25 09:18:19 [registry.py:945] Model architecture DeepSeekV4MTPModel is already registered, and will be overwritten by the new model class vllm_ascend.models.deepseek_v4_mtp:DeepSeekV4MTP.
(EngineCore pid=211) INFO 06-25 09:18:19 [__init__.py:110] Registered model loader `<class 'vllm_ascend.model_loader.netloader.netloader.ModelNetLoaderElastic'>` with load format `netloader`
(EngineCore pid=211) INFO 06-25 09:18:19 [__init__.py:110] Registered model loader `<class 'vllm_ascend.model_loader.rfork.rfork_loader.RForkModelLoader'>` with load format `rfork`
(EngineCore pid=211) INFO 06-25 09:18:19 [core.py:109] Initializing a V1 LLM engine (v0.20.2) with config: model='/home/la/work/vllm-project/models/Qwen/Qwen2-VL-7B-Instruct', speculative_config=None, tokenizer='/home/la/work/vllm-project/models/Qwen/Qwen2-VL-7B-Instruct', skip_tokenizer_init=False, tokenizer_mode=auto, revision=None, tokenizer_revision=None, trust_remote_code=True, dtype=torch.bfloat16, max_seq_len=4096, download_dir=None, load_format=auto, tensor_parallel_size=2, pipeline_parallel_size=1, data_parallel_size=1, decode_context_parallel_size=1, dcp_comm_backend=ag_rs, disable_custom_all_reduce=True, quantization=None, quantization_config=None, enforce_eager=False, enable_return_routed_experts=False, kv_cache_dtype=auto, device_config=npu, structured_outputs_config=StructuredOutputsConfig(backend='auto', disable_any_whitespace=False, disable_additional_properties=False, reasoning_parser='', reasoning_parser_plugin='', enable_in_reasoning=False), observability_config=ObservabilityConfig(show_hidden_metrics_for_version=None, otlp_traces_endpoint=None, collect_detailed_traces=None, kv_cache_metrics=False, kv_cache_metrics_sample=0.01, cudagraph_metrics=False, enable_layerwise_nvtx_tracing=False, enable_mfu_metrics=False, enable_mm_processor_stats=False, enable_logging_iteration_details=False), seed=1024, served_model_name=/home/la/work/vllm-project/models/Qwen/Qwen2-VL-7B-Instruct, enable_prefix_caching=True, enable_chunked_prefill=True, pooler_config=None, compilation_config={'mode': <CompilationMode.VLLM_COMPILE: 3>, 'debug_dump_path': None, 'cache_dir': '', 'compile_cache_save_format': 'binary', 'backend': 'vllm_ascend.compilation.compiler_interface.AscendCompiler', 'custom_ops': ['all'], 'ir_enable_torch_wrap': False, 'splitting_ops': ['vllm::unified_attention_with_output', 'vllm::unified_mla_attention_with_output', 'vllm::mamba_mixer2', 'vllm::mamba_mixer', 'vllm::short_conv', 'vllm::linear_attention', 'vllm::plamo2_mamba_mixer', 'vllm::gdn_attention_core', 'vllm::gdn_attention_core_xpu', 'vllm::olmo_hybrid_gdn_full_forward', 'vllm::kda_attention', 'vllm::sparse_attn_indexer', 'vllm::rocm_aiter_sparse_attn_indexer', 'vllm::deepseek_v4_attention', 'vllm::unified_kv_cache_update', 'vllm::unified_mla_kv_cache_update', 'vllm::mla_forward'], 'compile_mm_encoder': False, 'cudagraph_mm_encoder': False, 'encoder_cudagraph_token_budgets': [], 'encoder_cudagraph_max_vision_items_per_batch': 0, 'encoder_cudagraph_max_frames_per_batch': None, 'compile_sizes': [], 'compile_ranges_endpoints': [4096], 'inductor_compile_config': {'enable_auto_functionalized_v2': False, 'size_asserts': False, 'alignment_asserts': False, 'scalar_asserts': False, 'combo_kernels': True, 'benchmark_combo_kernel': True}, 'inductor_passes': {}, 'cudagraph_mode': <CUDAGraphMode.PIECEWISE: 1>, 'cudagraph_num_of_warmups': 1, 'cudagraph_capture_sizes': [1, 4, 16, 24, 40, 56, 72, 88, 96, 112, 128, 144, 152, 168, 184, 200, 216, 224, 240, 256], 'cudagraph_copy_inputs': False, 'cudagraph_specialize_lora': True, 'use_inductor_graph_partition': False, 'pass_config': {'fuse_norm_quant': True, 'fuse_act_quant': True, 'fuse_attn_quant': False, 'enable_sp': False, 'fuse_gemm_comms': False, 'fuse_allreduce_rms': False}, 'max_cudagraph_capture_size': 256, 'dynamic_shapes_config': {'type': <DynamicShapesType.BACKED: 'backed'>, 'evaluate_guards': False, 'assume_32_bit_indexing': False}, 'local_cache_dir': None, 'fast_moe_cold_start': True, 'static_all_moe_layers': []}, kernel_config=KernelConfig(ir_op_priority=IrOpPriorityConfig(rms_norm=['native']), enable_flashinfer_autotune=True, moe_backend='auto')
(EngineCore pid=211) INFO 06-25 09:18:19 [multiproc_executor.py:139] DP group leader: node_rank=0, node_rank_within_dp=0, master_addr=127.0.0.1, mq_connect_ip=192.168.0.190 (local), world_size=2, local_world_size=2
INFO 06-25 09:18:27 [__init__.py:44] Available plugins for group vllm.platform_plugins:
INFO 06-25 09:18:27 [__init__.py:46] - ascend -> vllm_ascend:register
INFO 06-25 09:18:27 [__init__.py:49] All plugins in this group will be loaded. Set `VLLM_PLUGINS` to control which plugins to load.
INFO 06-25 09:18:27 [__init__.py:238] Platform plugin ascend is activated
INFO 06-25 09:18:27 [__init__.py:44] Available plugins for group vllm.platform_plugins:
INFO 06-25 09:18:27 [__init__.py:46] - ascend -> vllm_ascend:register
INFO 06-25 09:18:27 [__init__.py:49] All plugins in this group will be loaded. Set `VLLM_PLUGINS` to control which plugins to load.
INFO 06-25 09:18:27 [__init__.py:238] Platform plugin ascend is activated
WARNING 06-25 09:18:35 [nixl_utils.py:34] NIXL is not available
WARNING 06-25 09:18:35 [nixl_utils.py:44] NIXL agent config is not available
WARNING 06-25 09:18:35 [nixl_utils.py:34] NIXL is not available
WARNING 06-25 09:18:35 [nixl_utils.py:44] NIXL agent config is not available
WARNING 06-25 09:18:35 [registry.py:945] Model architecture DeepseekV4ForCausalLM is already registered, and will be overwritten by the new model class vllm_ascend.models.deepseek_v4:AscendDeepseekV4ForCausalLM.
WARNING 06-25 09:18:35 [registry.py:945] Model architecture DeepSeekV4MTPModel is already registered, and will be overwritten by the new model class vllm_ascend.models.deepseek_v4_mtp:DeepSeekV4MTP.
WARNING 06-25 09:18:35 [registry.py:945] Model architecture DeepseekV4ForCausalLM is already registered, and will be overwritten by the new model class vllm_ascend.models.deepseek_v4:AscendDeepseekV4ForCausalLM.
WARNING 06-25 09:18:35 [registry.py:945] Model architecture DeepSeekV4MTPModel is already registered, and will be overwritten by the new model class vllm_ascend.models.deepseek_v4_mtp:DeepSeekV4MTP.
INFO 06-25 09:18:35 [__init__.py:110] Registered model loader `<class 'vllm_ascend.model_loader.netloader.netloader.ModelNetLoaderElastic'>` with load format `netloader`
INFO 06-25 09:18:35 [__init__.py:110] Registered model loader `<class 'vllm_ascend.model_loader.rfork.rfork_loader.RForkModelLoader'>` with load format `rfork`
INFO 06-25 09:18:35 [__init__.py:110] Registered model loader `<class 'vllm_ascend.model_loader.netloader.netloader.ModelNetLoaderElastic'>` with load format `netloader`
INFO 06-25 09:18:35 [__init__.py:110] Registered model loader `<class 'vllm_ascend.model_loader.rfork.rfork_loader.RForkModelLoader'>` with load format `rfork`
INFO 06-25 09:18:40 [ascend_config.py:688] Dynamic EPLB is False
INFO 06-25 09:18:40 [ascend_config.py:689] The number of redundant experts is 0
INFO 06-25 09:18:40 [ascend_config.py:688] Dynamic EPLB is False
INFO 06-25 09:18:40 [ascend_config.py:689] The number of redundant experts is 0
(Worker pid=225) INFO 06-25 09:18:42 [parallel_state.py:1402] world_size=2 rank=1 local_rank=1 distributed_init_method=tcp://127.0.0.1:46199 backend=hccl
(Worker pid=224) INFO 06-25 09:18:42 [parallel_state.py:1402] world_size=2 rank=0 local_rank=0 distributed_init_method=tcp://127.0.0.1:46199 backend=hccl
[Gloo] Rank 0 is connected to 1 peer ranks. Expected number of connected peer ranks is : 1
[Gloo] Rank 1 is connected to 1 peer ranks. Expected number of connected peer ranks is : 1
[Gloo] Rank 1 is connected to 1 peer ranks. Expected number of connected peer ranks is : 1
[Gloo] Rank 0 is connected to 1 peer ranks. Expected number of connected peer ranks is : 1
[Gloo] Rank 0 is connected to 0 peer ranks. Expected number of connected peer ranks is : 0
[Gloo] Rank 0 is connected to 0 peer ranks. Expected number of connected peer ranks is : 0
[Gloo] Rank 0 is connected to 0 peer ranks. Expected number of connected peer ranks is : 0
[Gloo] Rank 0 is connected to 0 peer ranks. Expected number of connected peer ranks is : 0
[Gloo] Rank 0 is connected to 0 peer ranks. Expected number of connected peer ranks is : 0
(Worker pid=224) INFO 06-25 09:18:43 [parallel_state.py:1715] rank 0 in world size 2 is assigned as DP rank 0, PP rank 0, PCP rank 0, TP rank 0, EP rank N/A, EPLB rank N/A
[Gloo] Rank 0 is connected to 0 peer ranks. Expected number of connected peer ranks is : 0
[Gloo] Rank 0 is connected to 0 peer ranks. Expected number of connected peer ranks is : 0
[Gloo] Rank 0 is connected to 0 peer ranks. Expected number of connected peer ranks is : 0
[Gloo] Rank 1 is connected to 1 peer ranks. Expected number of connected peer ranks is : 1
[Gloo] Rank 0 is connected to 1 peer ranks. Expected number of connected peer ranks is : 1
(Worker_TP0 pid=224) INFO 06-25 09:18:50 [model_runner_v1.py:3374] Starting to load model /home/la/work/vllm-project/models/Qwen/Qwen2-VL-7B-Instruct...
(Worker_TP1 pid=225) INFO 06-25 09:18:50 [model_runner_v1.py:3374] Starting to load model /home/la/work/vllm-project/models/Qwen/Qwen2-VL-7B-Instruct...
(Worker_TP0 pid=224) INFO 06-25 09:18:50 [interface.py:286] Using default backend AttentionBackendEnum.TORCH_SDPA for vit attention
(Worker_TP0 pid=224) INFO 06-25 09:18:50 [mm_encoder_attention.py:230] Using AttentionBackendEnum.TORCH_SDPA for MMEncoderAttention.
(Worker_TP0 pid=224) INFO 06-25 09:18:50 [vllm.py:840] Asynchronous scheduling is enabled.
(Worker_TP0 pid=224) INFO 06-25 09:18:50 [kernel.py:205] Final IR op priority after setting platform defaults: IrOpPriorityConfig(rms_norm=['native'])
(Worker_TP0 pid=224) INFO 06-25 09:18:50 [utils.py:169] No quantization signature detected from model files for "/home/la/work/vllm-project/models/Qwen/Qwen2-VL-7B-Instruct". The model will be loaded as float. To force a quantization method, pass "--quantization <method>" explicitly.
(Worker_TP0 pid=224) INFO 06-25 09:18:50 [platform.py:408] PIECEWISE compilation enabled on NPU. use_inductor not supported - using only ACL Graph mode
(Worker_TP0 pid=224) INFO 06-25 09:18:50 [utils.py:660] Calculated maximum supported batch sizes for ACL graph: 20
(Worker_TP0 pid=224) WARNING 06-25 09:18:50 [utils.py:661] Currently, communication is performed using FFTS+ method, which reduces the number of available streams and, as a result, limits the range of runtime shapes that can be handled. To both improve communication performance and increase the number of supported shapes, set HCCL_OP_EXPANSION_MODE=AIV.
(Worker_TP0 pid=224) INFO 06-25 09:18:50 [utils.py:693] No adjustment needed for ACL graph batch sizes: Qwen2VLForConditionalGeneration model (layers: 28) with 20 sizes
(Worker_TP0 pid=224) INFO 06-25 09:18:50 [platform.py:581] Set PYTORCH_NPU_ALLOC_CONF=expandable_segments:True
(Worker_TP0 pid=224) INFO 06-25 09:18:50 [compilation.py:303] Enabled custom fusions: norm_quant, act_quant
(Worker_TP1 pid=225) INFO 06-25 09:18:51 [kernel.py:205] Final IR op priority after setting platform defaults: IrOpPriorityConfig(rms_norm=['native'])
(Worker_TP1 pid=225) INFO 06-25 09:18:51 [utils.py:169] No quantization signature detected from model files for "/home/la/work/vllm-project/models/Qwen/Qwen2-VL-7B-Instruct". The model will be loaded as float. To force a quantization method, pass "--quantization <method>" explicitly.
(Worker_TP1 pid=225) INFO 06-25 09:18:51 [platform.py:408] PIECEWISE compilation enabled on NPU. use_inductor not supported - using only ACL Graph mode
(Worker_TP1 pid=225) INFO 06-25 09:18:51 [utils.py:660] Calculated maximum supported batch sizes for ACL graph: 20
(Worker_TP1 pid=225) WARNING 06-25 09:18:51 [utils.py:661] Currently, communication is performed using FFTS+ method, which reduces the number of available streams and, as a result, limits the range of runtime shapes that can be handled. To both improve communication performance and increase the number of supported shapes, set HCCL_OP_EXPANSION_MODE=AIV.
(Worker_TP1 pid=225) INFO 06-25 09:18:51 [utils.py:693] No adjustment needed for ACL graph batch sizes: Qwen2VLForConditionalGeneration model (layers: 28) with 20 sizes
(Worker_TP1 pid=225) INFO 06-25 09:18:51 [platform.py:581] Set PYTORCH_NPU_ALLOC_CONF=expandable_segments:True
(Worker_TP0 pid=224) INFO 06-25 09:18:51 [compilation.py:1049] Using OOT custom backend for compilation.
(Worker_TP1 pid=225) INFO 06-25 09:18:51 [compilation.py:1049] Using OOT custom backend for compilation.
(Worker_TP0 pid=224) INFO 06-25 09:18:51 [weight_utils.py:904] Filesystem type for checkpoints: EXT4. Checkpoint size: 15.44 GiB. Available RAM: 1953.53 GiB.
(Worker_TP0 pid=224) INFO 06-25 09:18:51 [weight_utils.py:927] Auto-prefetch is disabled because the filesystem (EXT4) is not a recognized network FS (NFS/Lustre). If you want to force prefetching, start vLLM with --safetensors-load-strategy=prefetch.
(Worker_TP0 pid=224) INFO 06-25 09:18:54 [default_loader.py:384] Loading weights took 2.67 seconds
(Worker_TP0 pid=224) INFO 06-25 09:18:55 [model_runner_v1.py:3421] Loading model weights took 7.7572 GB
(Worker_TP1 pid=225) INFO 06-25 09:18:55 [model_runner_v1.py:3421] Loading model weights took 7.7572 GB
(Worker_TP0 pid=224) INFO 06-25 09:18:55 [gpu_model_runner.py:5820] Encoder cache will be initialized with a budget of 16384 tokens, and profiled with 1 video items of the maximum feature size.
(Worker_TP0 pid=224) INFO 06-25 09:19:13 [backends.py:1069] Using cache directory: /root/.cache/vllm/torch_compile_cache/e6e22e7897/rank_0_0/backbone for vLLM's torch.compile
(Worker_TP0 pid=224) INFO 06-25 09:19:13 [backends.py:1128] Dynamo bytecode transform time: 6.50 s
(Worker_TP0 pid=224) INFO 06-25 09:19:50 [backends.py:391] Compiling a graph for compile range (1, 4096) takes 12.19 s
(Worker_TP0 pid=224) INFO 06-25 09:19:53 [decorators.py:668] saved AOT compiled function to /root/.cache/vllm/torch_compile_cache/torch_aot_compile/f07fcea8f547ea0ae513a717b8883f1937b6b17b090715c02347fdacfc8fda9b/rank_0_0/model
(Worker_TP0 pid=224) INFO 06-25 09:19:53 [monitor.py:53] torch.compile took 46.83 s in total
(Worker_TP0 pid=224) INFO 06-25 09:19:53 [monitor.py:81] Initial profiling/warmup run took 0.10 s
(Worker_TP0 pid=224) INFO 06-25 09:19:55 [worker.py:394] Available KV cache memory: 14.71 GiB
(EngineCore pid=211) INFO 06-25 09:19:55 [kv_cache_utils.py:1708] GPU KV cache size: 550,912 tokens
(EngineCore pid=211) INFO 06-25 09:19:55 [kv_cache_utils.py:1709] Maximum concurrency for 4,096 tokens per request: 134.50x
(Worker_TP0 pid=224) INFO 06-25 09:19:55 [factory.py:64] Creating v1 connector with name: MooncakeConnector and engine_id: 1-e8752b847f6d4e04b21693089e2ad457
(Worker_TP1 pid=225) INFO 06-25 09:19:55 [factory.py:64] Creating v1 connector with name: MooncakeConnector and engine_id: 1-e8752b847f6d4e04b21693089e2ad457
(Worker_TP0 pid=224) INFO 06-25 09:19:56 [mooncake_connector.py:1252] num_blocks: 4304
(Worker_TP0 pid=224) INFO 06-25 09:19:56 [mooncake_connector.py:1266] block_shape: torch.Size([128, 2, 128])
(Worker_TP0 pid=224) INFO 06-25 09:19:56 [mooncake_connector.py:1269] Registering KV_Caches. use_mla: False, use_sparse: False, shape torch.Size([4304, 128, 2, 128])
(Worker_TP1 pid=225) INFO 06-25 09:19:56 [mooncake_connector.py:1252] num_blocks: 4304
(Worker_TP1 pid=225) INFO 06-25 09:19:56 [mooncake_connector.py:1266] block_shape: torch.Size([128, 2, 128])
(Worker_TP1 pid=225) INFO 06-25 09:19:56 [mooncake_connector.py:1269] Registering KV_Caches. use_mla: False, use_sparse: False, shape torch.Size([4304, 128, 2, 128])
(Worker_TP1 pid=225) INFO 06-25 09:20:17 [worker.py:546] Free memory on device (29.15/29.49 GiB) on startup. Desired GPU memory utilization is (0.85, 25.07 GiB). Actual usage: 7.76 GiB for weights, 2.06 GiB for peak activation, 0.54 GiB for non-torch memory, 0.11 GiB for NPU graph memory. Replace gpu_memory_utilization with `--kv-cache-memory=15520313753` (14.45 GiB) to fit into requested memory, or `--kv-cache-memory=19904178176` (18.54 GiB) to fully utilize NPU free memory. Current KV cache memory: 14.71 GiB.
(Worker_TP1 pid=225) WARNING 06-25 09:20:17 [worker.py:558] Bind cpus failed in rank1: [Errno 2] No such file or directory: 'npu-smi' Skip binding cpu.
(Worker_TP0 pid=224) INFO 06-25 09:20:17 [gpu_model_runner.py:6133] Graph capturing finished in 21 secs, took 0.11 GiB
(Worker_TP0 pid=224) INFO 06-25 09:20:17 [worker.py:546] Free memory on device (29.15/29.49 GiB) on startup. Desired GPU memory utilization is (0.85, 25.07 GiB). Actual usage: 7.76 GiB for weights, 2.06 GiB for peak activation, 0.54 GiB for non-torch memory, 0.11 GiB for NPU graph memory. Replace gpu_memory_utilization with `--kv-cache-memory=15520928153` (14.45 GiB) to fit into requested memory, or `--kv-cache-memory=19903739904` (18.54 GiB) to fully utilize NPU free memory. Current KV cache memory: 14.71 GiB.
(Worker_TP0 pid=224) WARNING 06-25 09:20:17 [worker.py:558] Bind cpus failed in rank0: [Errno 2] No such file or directory: 'npu-smi' Skip binding cpu.
(EngineCore pid=211) INFO 06-25 09:20:17 [core.py:299] init engine (profile, create kv cache, warmup model) took 81.91 s (compilation: 46.83 s)
(EngineCore pid=211) INFO 06-25 09:20:18 [factory.py:64] Creating v1 connector with name: MooncakeConnector and engine_id: 1-e8752b847f6d4e04b21693089e2ad457
(EngineCore pid=211) INFO 06-25 09:20:18 [ascend_config.py:688] Dynamic EPLB is False
(EngineCore pid=211) INFO 06-25 09:20:18 [ascend_config.py:689] The number of redundant experts is 0
(EngineCore pid=211) INFO 06-25 09:20:18 [mooncake_connector.py:973] Initializing Mooncake Scheduler 1-e8752b847f6d4e04b21693089e2ad457
(EngineCore pid=211) INFO 06-25 09:20:25 [vllm.py:840] Asynchronous scheduling is enabled.
(EngineCore pid=211) INFO 06-25 09:20:25 [kernel.py:205] Final IR op priority after setting platform defaults: IrOpPriorityConfig(rms_norm=['native'])
(EngineCore pid=211) INFO 06-25 09:20:25 [utils.py:169] No quantization signature detected from model files for "/home/la/work/vllm-project/models/Qwen/Qwen2-VL-7B-Instruct". The model will be loaded as float. To force a quantization method, pass "--quantization <method>" explicitly.
(EngineCore pid=211) INFO 06-25 09:20:25 [platform.py:408] PIECEWISE compilation enabled on NPU. use_inductor not supported - using only ACL Graph mode
(EngineCore pid=211) INFO 06-25 09:20:25 [utils.py:660] Calculated maximum supported batch sizes for ACL graph: 20
(EngineCore pid=211) WARNING 06-25 09:20:25 [utils.py:661] Currently, communication is performed using FFTS+ method, which reduces the number of available streams and, as a result, limits the range of runtime shapes that can be handled. To both improve communication performance and increase the number of supported shapes, set HCCL_OP_EXPANSION_MODE=AIV.
(EngineCore pid=211) INFO 06-25 09:20:25 [utils.py:693] No adjustment needed for ACL graph batch sizes: Qwen2VLForConditionalGeneration model (layers: 28) with 20 sizes
(EngineCore pid=211) INFO 06-25 09:20:25 [platform.py:581] Set PYTORCH_NPU_ALLOC_CONF=expandable_segments:True
(EngineCore pid=211) INFO 06-25 09:20:25 [compilation.py:303] Enabled custom fusions: norm_quant, act_quant
(APIServer pid=180) INFO 06-25 09:20:25 [api_server.py:598] Supported tasks: ['generate']
(APIServer pid=180) WARNING 06-25 09:20:26 [model.py:1437] Default vLLM sampling parameters have been overridden by the model's `generation_config.json`: `{'repetition_penalty': 1.0, 'temperature': 0.01, 'top_k': 1, 'top_p': 0.001}`. If this is not intended, please relaunch vLLM instance with `--generation-config vllm`.
(APIServer pid=180) INFO 06-25 09:20:26 [hf.py:314] Detected the chat template content format to be 'openai'. You can set `--chat-template-content-format` to override this.
(APIServer pid=180) INFO 06-25 09:20:34 [base.py:233] Multi-modal warmup completed in 7.531s
(APIServer pid=180) INFO 06-25 09:20:41 [base.py:233] Readonly multi-modal warmup completed in 7.255s
(APIServer pid=180) INFO 06-25 09:20:41 [api_server.py:602] Starting vLLM server on http://127.0.0.1:8200
(APIServer pid=180) INFO 06-25 09:20:41 [launcher.py:37] Available routes are:
(APIServer pid=180) INFO 06-25 09:20:41 [launcher.py:46] Route: /openapi.json, Methods: HEAD, GET
(APIServer pid=180) INFO 06-25 09:20:41 [launcher.py:46] Route: /docs, Methods: HEAD, GET
(APIServer pid=180) INFO 06-25 09:20:41 [launcher.py:46] Route: /docs/oauth2-redirect, Methods: HEAD, GET
(APIServer pid=180) INFO 06-25 09:20:41 [launcher.py:46] Route: /redoc, Methods: HEAD, GET
(APIServer pid=180) INFO 06-25 09:20:41 [launcher.py:46] Route: /tokenize, Methods: POST
(APIServer pid=180) INFO 06-25 09:20:41 [launcher.py:46] Route: /detokenize, Methods: POST
(APIServer pid=180) INFO 06-25 09:20:41 [launcher.py:46] Route: /load, Methods: GET
(APIServer pid=180) INFO 06-25 09:20:41 [launcher.py:46] Route: /version, Methods: GET
(APIServer pid=180) INFO 06-25 09:20:41 [launcher.py:46] Route: /health, Methods: GET
(APIServer pid=180) INFO 06-25 09:20:41 [launcher.py:46] Route: /metrics, Methods: GET
(APIServer pid=180) INFO 06-25 09:20:41 [launcher.py:46] Route: /v1/models, Methods: GET
(APIServer pid=180) INFO 06-25 09:20:41 [launcher.py:46] Route: /ping, Methods: GET
(APIServer pid=180) INFO 06-25 09:20:41 [launcher.py:46] Route: /ping, Methods: POST
(APIServer pid=180) INFO 06-25 09:20:41 [launcher.py:46] Route: /invocations, Methods: POST
(APIServer pid=180) INFO 06-25 09:20:41 [launcher.py:46] Route: /v1/chat/completions, Methods: POST
(APIServer pid=180) INFO 06-25 09:20:41 [launcher.py:46] Route: /v1/chat/completions/batch, Methods: POST
(APIServer pid=180) INFO 06-25 09:20:41 [launcher.py:46] Route: /v1/responses, Methods: POST
(APIServer pid=180) INFO 06-25 09:20:41 [launcher.py:46] Route: /v1/responses/{response_id}, Methods: GET
(APIServer pid=180) INFO 06-25 09:20:41 [launcher.py:46] Route: /v1/responses/{response_id}/cancel, Methods: POST
(APIServer pid=180) INFO 06-25 09:20:41 [launcher.py:46] Route: /v1/completions, Methods: POST
(APIServer pid=180) INFO 06-25 09:20:41 [launcher.py:46] Route: /v1/messages, Methods: POST
(APIServer pid=180) INFO 06-25 09:20:41 [launcher.py:46] Route: /v1/messages/count_tokens, Methods: POST
(APIServer pid=180) INFO 06-25 09:20:41 [launcher.py:46] Route: /inference/v1/generate, Methods: POST
(APIServer pid=180) INFO 06-25 09:20:41 [launcher.py:46] Route: /scale_elastic_ep, Methods: POST
(APIServer pid=180) INFO 06-25 09:20:41 [launcher.py:46] Route: /is_scaling_elastic_ep, Methods: POST
(APIServer pid=180) INFO 06-25 09:20:41 [launcher.py:46] Route: /generative_scoring, Methods: POST
(APIServer pid=180) INFO 06-25 09:20:41 [launcher.py:46] Route: /v1/chat/completions/render, Methods: POST
(APIServer pid=180) INFO 06-25 09:20:41 [launcher.py:46] Route: /v1/completions/render, Methods: POST
(Worker_TP0 pid=224) INFO 06-25 09:22:44 [acl_graph.py:199] Replaying aclgraph
(APIServer pid=180) INFO:     127.0.0.1:44590 - "POST /v1/completions HTTP/1.1" 200 OK
(APIServer pid=180) INFO 06-25 09:22:52 [loggers.py:271] Engine 000: Avg prompt throughput: 0.1 tokens/s, Avg generation throughput: 0.5 tokens/s, Running: 0 reqs, Waiting: 0 reqs, GPU KV cache usage: 0.0%, Prefix cache hit rate: 0.0%, External prefix cache hit rate: 0.0%
(APIServer pid=180) INFO 06-25 09:23:02 [loggers.py:271] Engine 000: Avg prompt throughput: 0.0 tokens/s, Avg generation throughput: 0.0 tokens/s, Running: 0 reqs, Waiting: 0 reqs, GPU KV cache usage: 0.0%, Prefix cache hit rate: 0.0%, External prefix cache hit rate: 0.0%
(Worker_TP1 pid=225) INFO 06-25 09:23:22 [mooncake_connector.py:602] KV cache transfer for request cmpl-673a77cb-2dab-47fe-a39a-48875e26b859-0-a433810c took 66.66 ms (1 groups, 1 blocks). local_ip 192.168.0.190 local_device_id 1 remote_session_id 192.168.0.190:16498
(Worker_TP0 pid=224) INFO 06-25 09:23:23 [mooncake_connector.py:602] KV cache transfer for request cmpl-673a77cb-2dab-47fe-a39a-48875e26b859-0-a433810c took 139.46 ms (1 groups, 1 blocks). local_ip 192.168.0.190 local_device_id 0 remote_session_id 192.168.0.190:16703
(APIServer pid=180) INFO:     127.0.0.1:56988 - "POST /v1/completions HTTP/1.1" 200 OK
(APIServer pid=180) INFO 06-25 09:23:32 [loggers.py:271] Engine 000: Avg prompt throughput: 0.1 tokens/s, Avg generation throughput: 0.5 tokens/s, Running: 0 reqs, Waiting: 0 reqs, GPU KV cache usage: 0.0%, Prefix cache hit rate: 0.0%, External prefix cache hit rate: 33.3%
(APIServer pid=180) INFO 06-25 09:23:42 [loggers.py:271] Engine 000: Avg prompt throughput: 0.0 tokens/s, Avg generation throughput: 0.0 tokens/s, Running: 0 reqs, Waiting: 0 reqs, GPU KV cache usage: 0.0%, Prefix cache hit rate: 0.0%, External prefix cache hit rate: 33.3%
(Worker_TP0 pid=224) INFO 06-25 09:24:17 [mooncake_connector.py:602] KV cache transfer for request cmpl-bf25b483-9801-4f62-8157-c7ddfb1d42c8-0-9401260b took 1.48 ms (1 groups, 1 blocks). local_ip 192.168.0.190 local_device_id 0 remote_session_id 192.168.0.190:16703
(Worker_TP1 pid=225) INFO 06-25 09:24:17 [mooncake_connector.py:602] KV cache transfer for request cmpl-bf25b483-9801-4f62-8157-c7ddfb1d42c8-0-9401260b took 2.29 ms (1 groups, 1 blocks). local_ip 192.168.0.190 local_device_id 1 remote_session_id 192.168.0.190:16498
(APIServer pid=180) INFO:     127.0.0.1:44024 - "POST /v1/completions HTTP/1.1" 200 OK
(Worker_TP1 pid=225) INFO 06-25 09:24:17 [mooncake_connector.py:602] KV cache transfer for request cmpl-b0b92b33-3691-4685-979e-cff3123d711b-0-854a4d22 took 1.31 ms (1 groups, 1 blocks). local_ip 192.168.0.190 local_device_id 1 remote_session_id 192.168.0.190:16498
(Worker_TP0 pid=224) INFO 06-25 09:24:17 [mooncake_connector.py:602] KV cache transfer for request cmpl-b0b92b33-3691-4685-979e-cff3123d711b-0-854a4d22 took 1.19 ms (1 groups, 1 blocks). local_ip 192.168.0.190 local_device_id 0 remote_session_id 192.168.0.190:16703
(APIServer pid=180) INFO:     127.0.0.1:44024 - "POST /v1/completions HTTP/1.1" 200 OK
(Worker_TP1 pid=225) INFO 06-25 09:24:18 [mooncake_connector.py:602] KV cache transfer for request cmpl-33ae8efd-ca37-4cdc-aafe-69feb27bc345-0-a14e7c6d took 1.43 ms (1 groups, 1 blocks). local_ip 192.168.0.190 local_device_id 1 remote_session_id 192.168.0.190:16498
(Worker_TP0 pid=224) INFO 06-25 09:24:18 [mooncake_connector.py:602] KV cache transfer for request cmpl-33ae8efd-ca37-4cdc-aafe-69feb27bc345-0-a14e7c6d took 1.33 ms (1 groups, 1 blocks). local_ip 192.168.0.190 local_device_id 0 remote_session_id 192.168.0.190:16703
(APIServer pid=180) INFO:     127.0.0.1:44024 - "POST /v1/completions HTTP/1.1" 200 OK
(Worker_TP1 pid=225) INFO 06-25 09:24:19 [mooncake_connector.py:602] KV cache transfer for request cmpl-5fa61aa7-a9d2-4834-bec8-9ad8203a68bc-0-a79be36e took 1.18 ms (1 groups, 1 blocks). local_ip 192.168.0.190 local_device_id 1 remote_session_id 192.168.0.190:16498
(Worker_TP0 pid=224) INFO 06-25 09:24:19 [mooncake_connector.py:602] KV cache transfer for request cmpl-5fa61aa7-a9d2-4834-bec8-9ad8203a68bc-0-a79be36e took 1.62 ms (1 groups, 1 blocks). local_ip 192.168.0.190 local_device_id 0 remote_session_id 192.168.0.190:16703
(APIServer pid=180) INFO:     127.0.0.1:44024 - "POST /v1/completions HTTP/1.1" 200 OK
(Worker_TP0 pid=224) INFO 06-25 09:24:20 [mooncake_connector.py:602] KV cache transfer for request cmpl-cfbf4c0a-483d-474e-9a2e-50bec99e2d3b-0-8f9b9091 took 1.39 ms (1 groups, 1 blocks). local_ip 192.168.0.190 local_device_id 0 remote_session_id 192.168.0.190:16703
(Worker_TP1 pid=225) INFO 06-25 09:24:20 [mooncake_connector.py:602] KV cache transfer for request cmpl-cfbf4c0a-483d-474e-9a2e-50bec99e2d3b-0-8f9b9091 took 1.77 ms (1 groups, 1 blocks). local_ip 192.168.0.190 local_device_id 1 remote_session_id 192.168.0.190:16498
(APIServer pid=180) INFO:     127.0.0.1:44024 - "POST /v1/completions HTTP/1.1" 200 OK
(Worker_TP1 pid=225) INFO 06-25 09:24:21 [mooncake_connector.py:602] KV cache transfer for request cmpl-c96ccff7-e852-47c8-a93a-5dd761df3518-0-93e1c089 took 1.34 ms (1 groups, 1 blocks). local_ip 192.168.0.190 local_device_id 1 remote_session_id 192.168.0.190:16498
(Worker_TP0 pid=224) INFO 06-25 09:24:21 [mooncake_connector.py:602] KV cache transfer for request cmpl-c96ccff7-e852-47c8-a93a-5dd761df3518-0-93e1c089 took 1.40 ms (1 groups, 1 blocks). local_ip 192.168.0.190 local_device_id 0 remote_session_id 192.168.0.190:16703
(APIServer pid=180) INFO:     127.0.0.1:44024 - "POST /v1/completions HTTP/1.1" 200 OK
(Worker_TP0 pid=224) INFO 06-25 09:24:22 [mooncake_connector.py:602] KV cache transfer for request cmpl-5dbf5071-d850-4d0e-ab8c-0b10cab0e8c6-0-9f03799b took 1.38 ms (1 groups, 1 blocks). local_ip 192.168.0.190 local_device_id 0 remote_session_id 192.168.0.190:16703
(Worker_TP1 pid=225) INFO 06-25 09:24:22 [mooncake_connector.py:602] KV cache transfer for request cmpl-5dbf5071-d850-4d0e-ab8c-0b10cab0e8c6-0-9f03799b took 1.90 ms (1 groups, 1 blocks). local_ip 192.168.0.190 local_device_id 1 remote_session_id 192.168.0.190:16498
(APIServer pid=180) INFO 06-25 09:24:22 [loggers.py:271] Engine 000: Avg prompt throughput: 0.0 tokens/s, Avg generation throughput: 7.7 tokens/s, Running: 1 reqs, Waiting: 0 reqs, GPU KV cache usage: 0.0%, Prefix cache hit rate: 0.0%, External prefix cache hit rate: 97.6%
(APIServer pid=180) INFO:     127.0.0.1:44024 - "POST /v1/completions HTTP/1.1" 200 OK
(Worker_TP1 pid=225) INFO 06-25 09:24:23 [mooncake_connector.py:602] KV cache transfer for request cmpl-ddbb457c-20d4-464a-bc4c-b83ae2351af3-0-b54ad3d1 took 1.32 ms (1 groups, 1 blocks). local_ip 192.168.0.190 local_device_id 1 remote_session_id 192.168.0.190:16498
(Worker_TP0 pid=224) INFO 06-25 09:24:23 [mooncake_connector.py:602] KV cache transfer for request cmpl-ddbb457c-20d4-464a-bc4c-b83ae2351af3-0-b54ad3d1 took 1.34 ms (1 groups, 1 blocks). local_ip 192.168.0.190 local_device_id 0 remote_session_id 192.168.0.190:16703
(APIServer pid=180) INFO:     127.0.0.1:44024 - "POST /v1/completions HTTP/1.1" 200 OK
(Worker_TP1 pid=225) INFO 06-25 09:24:24 [mooncake_connector.py:602] KV cache transfer for request cmpl-905e1ece-1025-41ee-b80b-e06da737fd9c-0-bcd829fa took 1.47 ms (1 groups, 1 blocks). local_ip 192.168.0.190 local_device_id 1 remote_session_id 192.168.0.190:16498
(Worker_TP0 pid=224) INFO 06-25 09:24:24 [mooncake_connector.py:602] KV cache transfer for request cmpl-905e1ece-1025-41ee-b80b-e06da737fd9c-0-bcd829fa took 1.52 ms (1 groups, 1 blocks). local_ip 192.168.0.190 local_device_id 0 remote_session_id 192.168.0.190:16703
(APIServer pid=180) INFO:     127.0.0.1:44024 - "POST /v1/completions HTTP/1.1" 200 OK
(Worker_TP0 pid=224) INFO 06-25 09:24:25 [mooncake_connector.py:602] KV cache transfer for request cmpl-ba2275aa-9dcb-4c34-8863-22185c510e2f-0-a708147c took 1.40 ms (1 groups, 1 blocks). local_ip 192.168.0.190 local_device_id 0 remote_session_id 192.168.0.190:16703
(Worker_TP1 pid=225) INFO 06-25 09:24:25 [mooncake_connector.py:602] KV cache transfer for request cmpl-ba2275aa-9dcb-4c34-8863-22185c510e2f-0-a708147c took 1.61 ms (1 groups, 1 blocks). local_ip 192.168.0.190 local_device_id 1 remote_session_id 192.168.0.190:16498
(APIServer pid=180) INFO:     127.0.0.1:44024 - "POST /v1/completions HTTP/1.1" 200 OK
(Worker_TP1 pid=225) INFO 06-25 09:24:28 [mooncake_connector.py:602] KV cache transfer for request cmpl-41fd8d64-3716-4654-9954-e38321727c1b-0-8323b7ff took 1.27 ms (1 groups, 1 blocks). local_ip 192.168.0.190 local_device_id 1 remote_session_id 192.168.0.190:16498
(Worker_TP0 pid=224) INFO 06-25 09:24:28 [mooncake_connector.py:602] KV cache transfer for request cmpl-41fd8d64-3716-4654-9954-e38321727c1b-0-8323b7ff took 2.49 ms (1 groups, 1 blocks). local_ip 192.168.0.190 local_device_id 0 remote_session_id 192.168.0.190:16703
(APIServer pid=180) INFO:     127.0.0.1:44024 - "POST /v1/completions HTTP/1.1" 200 OK
(Worker_TP1 pid=225) INFO 06-25 09:24:32 [mooncake_connector.py:602] KV cache transfer for request cmpl-eda6bc5a-2c60-4af1-bbfb-052489664609-0-b2402502 took 1.53 ms (1 groups, 1 blocks). local_ip 192.168.0.190 local_device_id 1 remote_session_id 192.168.0.190:16498
(Worker_TP0 pid=224) INFO 06-25 09:24:32 [mooncake_connector.py:602] KV cache transfer for request cmpl-eda6bc5a-2c60-4af1-bbfb-052489664609-0-b2402502 took 1.72 ms (1 groups, 1 blocks). local_ip 192.168.0.190 local_device_id 0 remote_session_id 192.168.0.190:16703
(APIServer pid=180) INFO 06-25 09:24:32 [loggers.py:271] Engine 000: Avg prompt throughput: 0.0 tokens/s, Avg generation throughput: 32.1 tokens/s, Running: 1 reqs, Waiting: 0 reqs, GPU KV cache usage: 0.0%, Prefix cache hit rate: 0.0%, External prefix cache hit rate: 98.9%
(APIServer pid=180) INFO:     127.0.0.1:44024 - "POST /v1/completions HTTP/1.1" 200 OK
(Worker_TP1 pid=225) INFO 06-25 09:24:35 [mooncake_connector.py:602] KV cache transfer for request cmpl-bb616769-469d-4857-be8b-f40365c61648-0-a8a4d9ff took 1.50 ms (1 groups, 1 blocks). local_ip 192.168.0.190 local_device_id 1 remote_session_id 192.168.0.190:16498
(Worker_TP0 pid=224) INFO 06-25 09:24:35 [mooncake_connector.py:602] KV cache transfer for request cmpl-bb616769-469d-4857-be8b-f40365c61648-0-a8a4d9ff took 1.32 ms (1 groups, 1 blocks). local_ip 192.168.0.190 local_device_id 0 remote_session_id 192.168.0.190:16703
(APIServer pid=180) INFO:     127.0.0.1:44024 - "POST /v1/completions HTTP/1.1" 200 OK
(Worker_TP1 pid=225) INFO 06-25 09:24:39 [mooncake_connector.py:602] KV cache transfer for request cmpl-d9dad6eb-21c9-4740-8316-086a3cc9aad4-0-9f433783 took 1.49 ms (1 groups, 1 blocks). local_ip 192.168.0.190 local_device_id 1 remote_session_id 192.168.0.190:16498
(Worker_TP0 pid=224) INFO 06-25 09:24:39 [mooncake_connector.py:602] KV cache transfer for request cmpl-d9dad6eb-21c9-4740-8316-086a3cc9aad4-0-9f433783 took 1.49 ms (1 groups, 1 blocks). local_ip 192.168.0.190 local_device_id 0 remote_session_id 192.168.0.190:16703
(APIServer pid=180) INFO:     127.0.0.1:44024 - "POST /v1/completions HTTP/1.1" 200 OK
(APIServer pid=180) INFO 06-25 09:24:42 [loggers.py:271] Engine 000: Avg prompt throughput: 0.0 tokens/s, Avg generation throughput: 37.7 tokens/s, Running: 0 reqs, Waiting: 0 reqs, GPU KV cache usage: 0.0%, Prefix cache hit rate: 0.0%, External prefix cache hit rate: 99.1%
(Worker_TP0 pid=224) INFO 06-25 09:24:42 [mooncake_connector.py:602] KV cache transfer for request cmpl-ce3dcaa1-3262-4d38-af43-348a86948568-0-8eab2128 took 1.30 ms (1 groups, 1 blocks). local_ip 192.168.0.190 local_device_id 0 remote_session_id 192.168.0.190:16703
(Worker_TP1 pid=225) INFO 06-25 09:24:42 [mooncake_connector.py:602] KV cache transfer for request cmpl-ce3dcaa1-3262-4d38-af43-348a86948568-0-8eab2128 took 1.26 ms (1 groups, 1 blocks). local_ip 192.168.0.190 local_device_id 1 remote_session_id 192.168.0.190:16498
(APIServer pid=180) INFO:     127.0.0.1:44024 - "POST /v1/completions HTTP/1.1" 200 OK
(Worker_TP1 pid=225) INFO 06-25 09:24:48 [mooncake_connector.py:602] KV cache transfer for request cmpl-094a8d29-3e22-4cba-832d-ce5879ab4c34-0-847f39a1 took 1.47 ms (1 groups, 1 blocks). local_ip 192.168.0.190 local_device_id 1 remote_session_id 192.168.0.190:16498
(Worker_TP0 pid=224) INFO 06-25 09:24:48 [mooncake_connector.py:602] KV cache transfer for request cmpl-094a8d29-3e22-4cba-832d-ce5879ab4c34-0-847f39a1 took 1.78 ms (1 groups, 1 blocks). local_ip 192.168.0.190 local_device_id 0 remote_session_id 192.168.0.190:16703
(APIServer pid=180) INFO 06-25 09:24:52 [loggers.py:271] Engine 000: Avg prompt throughput: 0.0 tokens/s, Avg generation throughput: 43.3 tokens/s, Running: 1 reqs, Waiting: 0 reqs, GPU KV cache usage: 0.0%, Prefix cache hit rate: 0.0%, External prefix cache hit rate: 99.3%
(APIServer pid=180) INFO:     127.0.0.1:44024 - "POST /v1/completions HTTP/1.1" 200 OK
(Worker_TP1 pid=225) INFO 06-25 09:24:54 [mooncake_connector.py:602] KV cache transfer for request cmpl-630134d1-666a-47ad-9973-f2befff766fc-0-ab92b9fc took 1.54 ms (1 groups, 1 blocks). local_ip 192.168.0.190 local_device_id 1 remote_session_id 192.168.0.190:16498
(Worker_TP0 pid=224) INFO 06-25 09:24:54 [mooncake_connector.py:602] KV cache transfer for request cmpl-630134d1-666a-47ad-9973-f2befff766fc-0-ab92b9fc took 1.46 ms (1 groups, 1 blocks). local_ip 192.168.0.190 local_device_id 0 remote_session_id 192.168.0.190:16703
(APIServer pid=180) INFO:     127.0.0.1:44024 - "POST /v1/completions HTTP/1.1" 200 OK
(Worker_TP1 pid=225) INFO 06-25 09:25:00 [mooncake_connector.py:602] KV cache transfer for request cmpl-501314d4-ed88-4f03-bf35-47b327d06df1-0-8c91323e took 1.75 ms (1 groups, 1 blocks). local_ip 192.168.0.190 local_device_id 1 remote_session_id 192.168.0.190:16498
(Worker_TP0 pid=224) INFO 06-25 09:25:00 [mooncake_connector.py:602] KV cache transfer for request cmpl-501314d4-ed88-4f03-bf35-47b327d06df1-0-8c91323e took 1.45 ms (1 groups, 1 blocks). local_ip 192.168.0.190 local_device_id 0 remote_session_id 192.168.0.190:16703
(APIServer pid=180) INFO 06-25 09:25:02 [loggers.py:271] Engine 000: Avg prompt throughput: 0.0 tokens/s, Avg generation throughput: 41.2 tokens/s, Running: 1 reqs, Waiting: 0 reqs, GPU KV cache usage: 0.0%, Prefix cache hit rate: 0.0%, External prefix cache hit rate: 99.4%
(APIServer pid=180) INFO:     127.0.0.1:44024 - "POST /v1/completions HTTP/1.1" 200 OK
(Worker_TP1 pid=225) INFO 06-25 09:25:06 [mooncake_connector.py:602] KV cache transfer for request cmpl-0fd9d047-862c-443b-b454-3d858a2bde0e-0-bfa6022c took 1.45 ms (1 groups, 1 blocks). local_ip 192.168.0.190 local_device_id 1 remote_session_id 192.168.0.190:16498
(Worker_TP0 pid=224) INFO 06-25 09:25:06 [mooncake_connector.py:602] KV cache transfer for request cmpl-0fd9d047-862c-443b-b454-3d858a2bde0e-0-bfa6022c took 1.35 ms (1 groups, 1 blocks). local_ip 192.168.0.190 local_device_id 0 remote_session_id 192.168.0.190:16703
(APIServer pid=180) INFO:     127.0.0.1:44024 - "POST /v1/completions HTTP/1.1" 200 OK
(APIServer pid=180) INFO 06-25 09:25:12 [loggers.py:271] Engine 000: Avg prompt throughput: 0.0 tokens/s, Avg generation throughput: 43.5 tokens/s, Running: 0 reqs, Waiting: 0 reqs, GPU KV cache usage: 0.0%, Prefix cache hit rate: 0.0%, External prefix cache hit rate: 99.4%
(Worker_TP1 pid=225) INFO 06-25 09:25:12 [mooncake_connector.py:602] KV cache transfer for request cmpl-842f7e67-c8a6-45ab-b53f-2894958672cf-0-b0345f48 took 1.34 ms (1 groups, 4 blocks). local_ip 192.168.0.190 local_device_id 1 remote_session_id 192.168.0.190:16498
(Worker_TP0 pid=224) INFO 06-25 09:25:12 [mooncake_connector.py:602] KV cache transfer for request cmpl-842f7e67-c8a6-45ab-b53f-2894958672cf-0-b0345f48 took 1.53 ms (1 groups, 4 blocks). local_ip 192.168.0.190 local_device_id 0 remote_session_id 192.168.0.190:16703
(APIServer pid=180) INFO:     127.0.0.1:44024 - "POST /v1/completions HTTP/1.1" 200 OK
(Worker_TP0 pid=224) INFO 06-25 09:25:16 [mooncake_connector.py:602] KV cache transfer for request cmpl-cf21ad46-6008-48f7-bc62-550c802cf580-0-ae970c76 took 1.39 ms (1 groups, 1 blocks). local_ip 192.168.0.190 local_device_id 0 remote_session_id 192.168.0.190:16703
(Worker_TP1 pid=225) INFO 06-25 09:25:16 [mooncake_connector.py:602] KV cache transfer for request cmpl-cf21ad46-6008-48f7-bc62-550c802cf580-0-ae970c76 took 1.34 ms (1 groups, 1 blocks). local_ip 192.168.0.190 local_device_id 1 remote_session_id 192.168.0.190:16498
(APIServer pid=180) INFO:     127.0.0.1:44024 - "POST /v1/completions HTTP/1.1" 200 OK
(Worker_TP0 pid=224) INFO 06-25 09:25:19 [mooncake_connector.py:602] KV cache transfer for request cmpl-a87470b3-bd97-40d8-8493-0707b392c9a4-0-af79d28e took 1.46 ms (1 groups, 1 blocks). local_ip 192.168.0.190 local_device_id 0 remote_session_id 192.168.0.190:16703
(Worker_TP1 pid=225) INFO 06-25 09:25:19 [mooncake_connector.py:602] KV cache transfer for request cmpl-a87470b3-bd97-40d8-8493-0707b392c9a4-0-af79d28e took 1.93 ms (1 groups, 1 blocks). local_ip 192.168.0.190 local_device_id 1 remote_session_id 192.168.0.190:16498
(APIServer pid=180) INFO:     127.0.0.1:44024 - "POST /v1/completions HTTP/1.1" 200 OK
(APIServer pid=180) INFO 06-25 09:25:22 [loggers.py:271] Engine 000: Avg prompt throughput: 0.0 tokens/s, Avg generation throughput: 38.4 tokens/s, Running: 0 reqs, Waiting: 0 reqs, GPU KV cache usage: 0.0%, Prefix cache hit rate: 41.1%, External prefix cache hit rate: 99.8%
(Worker_TP1 pid=225) INFO 06-25 09:25:22 [mooncake_connector.py:602] KV cache transfer for request cmpl-590b3631-72e6-4f34-b298-0961bfe90f9f-0-bf5ef66f took 1.20 ms (1 groups, 1 blocks). local_ip 192.168.0.190 local_device_id 1 remote_session_id 192.168.0.190:16498
(Worker_TP0 pid=224) INFO 06-25 09:25:22 [mooncake_connector.py:602] KV cache transfer for request cmpl-590b3631-72e6-4f34-b298-0961bfe90f9f-0-bf5ef66f took 1.21 ms (1 groups, 1 blocks). local_ip 192.168.0.190 local_device_id 0 remote_session_id 192.168.0.190:16703
(APIServer pid=180) INFO:     127.0.0.1:44024 - "POST /v1/completions HTTP/1.1" 200 OK
(Worker_TP1 pid=225) INFO 06-25 09:25:25 [mooncake_connector.py:602] KV cache transfer for request cmpl-30b0a663-4b79-4fe7-ab34-f11414b6c5a3-0-b13ff2bd took 1.93 ms (1 groups, 1 blocks). local_ip 192.168.0.190 local_device_id 1 remote_session_id 192.168.0.190:16498
(Worker_TP0 pid=224) INFO 06-25 09:25:25 [mooncake_connector.py:602] KV cache transfer for request cmpl-30b0a663-4b79-4fe7-ab34-f11414b6c5a3-0-b13ff2bd took 1.76 ms (1 groups, 1 blocks). local_ip 192.168.0.190 local_device_id 0 remote_session_id 192.168.0.190:16703
(APIServer pid=180) INFO:     127.0.0.1:44024 - "POST /v1/completions HTTP/1.1" 200 OK
(Worker_TP0 pid=224) INFO 06-25 09:25:29 [mooncake_connector.py:602] KV cache transfer for request cmpl-31ee470f-fdb6-41d8-be19-5bda450b6c79-0-a603c17b took 1.36 ms (1 groups, 1 blocks). local_ip 192.168.0.190 local_device_id 0 remote_session_id 192.168.0.190:16703
(Worker_TP1 pid=225) INFO 06-25 09:25:29 [mooncake_connector.py:602] KV cache transfer for request cmpl-31ee470f-fdb6-41d8-be19-5bda450b6c79-0-a603c17b took 1.44 ms (1 groups, 1 blocks). local_ip 192.168.0.190 local_device_id 1 remote_session_id 192.168.0.190:16498
(APIServer pid=180) INFO 06-25 09:25:32 [loggers.py:271] Engine 000: Avg prompt throughput: 0.0 tokens/s, Avg generation throughput: 39.1 tokens/s, Running: 1 reqs, Waiting: 0 reqs, GPU KV cache usage: 0.1%, Prefix cache hit rate: 56.4%, External prefix cache hit rate: 99.9%
(APIServer pid=180) INFO:     127.0.0.1:44024 - "POST /v1/completions HTTP/1.1" 200 OK
(Worker_TP1 pid=225) INFO 06-25 09:25:35 [mooncake_connector.py:602] KV cache transfer for request cmpl-bd8de45e-1e16-4982-9eec-3a891e6a809c-0-bd591364 took 1.41 ms (1 groups, 1 blocks). local_ip 192.168.0.190 local_device_id 1 remote_session_id 192.168.0.190:16498
(Worker_TP0 pid=224) INFO 06-25 09:25:35 [mooncake_connector.py:602] KV cache transfer for request cmpl-bd8de45e-1e16-4982-9eec-3a891e6a809c-0-bd591364 took 1.34 ms (1 groups, 1 blocks). local_ip 192.168.0.190 local_device_id 0 remote_session_id 192.168.0.190:16703
(APIServer pid=180) INFO:     127.0.0.1:44024 - "POST /v1/completions HTTP/1.1" 200 OK
